
> procurement-tracking-system@1.0.0 build
> prisma generate && next build

Environment variables loaded from .env
Prisma schema loaded from prisma\schema.prisma

Ô£ö Generated Prisma Client (v5.22.0) to .\node_modules\@prisma\client in 731ms

Start by importing your Prisma Client (See: https://pris.ly/d/importing-client)

Tip: Interested in query caching in just a few lines of code? Try Accelerate today! https://pris.ly/tip-3-accelerate

  Ôû▓ Next.js 14.2.33
  - Environments: .env.local, .env.production, .env

   Creating an optimized production build ...
 Ô£ô Compiled successfully
   Linting and checking validity of types ...

./app/admin/print-templates/page.tsx
9:46  Warning: Unexpected any. Specify a different type.  @typescript-eslint/no-explicit-any
23:19  Warning: Unexpected any. Specify a different type.  @typescript-eslint/no-explicit-any
55:19  Warning: Unexpected any. Specify a different type.  @typescript-eslint/no-explicit-any

./app/api/admin/email-settings/route.ts
44:28  Warning: Unexpected any. Specify a different type.  @typescript-eslint/no-explicit-any
65:47  Warning: Unexpected any. Specify a different type.  @typescript-eslint/no-explicit-any
72:19  Warning: Unexpected any. Specify a different type.  @typescript-eslint/no-explicit-any
123:54  Warning: Unexpected any. Specify a different type.  @typescript-eslint/no-explicit-any
150:22  Warning: Unexpected any. Specify a different type.  @typescript-eslint/no-explicit-any
161:19  Warning: Unexpected any. Specify a different type.  @typescript-eslint/no-explicit-any

./app/api/admin/print-templates/route.ts
28:17  Warning: Unexpected any. Specify a different type.  @typescript-eslint/no-explicit-any

./app/api/assets/route.ts
44:45  Warning: Unexpected any. Specify a different type.  @typescript-eslint/no-explicit-any
87:46  Warning: Unexpected any. Specify a different type.  @typescript-eslint/no-explicit-any
92:19  Warning: Unexpected any. Specify a different type.  @typescript-eslint/no-explicit-any
127:46  Warning: Unexpected any. Specify a different type.  @typescript-eslint/no-explicit-any
132:19  Warning: Unexpected any. Specify a different type.  @typescript-eslint/no-explicit-any

./app/api/auth/register/route.ts
69:19  Warning: Unexpected any. Specify a different type.  @typescript-eslint/no-explicit-any

./app/api/clients/route.ts
17:24  Warning: Unexpected any. Specify a different type.  @typescript-eslint/no-explicit-any
47:23  Warning: Unexpected any. Specify a different type.  @typescript-eslint/no-explicit-any

./app/api/debug/db-test/route.ts
48:19  Warning: Unexpected any. Specify a different type.  @typescript-eslint/no-explicit-any

./app/api/debug/users/route.ts
26:19  Warning: Unexpected any. Specify a different type.  @typescript-eslint/no-explicit-any

./app/api/delivery-notes/route.ts
83:67  Warning: Unexpected any. Specify a different type.  @typescript-eslint/no-explicit-any
84:71  Warning: Unexpected any. Specify a different type.  @typescript-eslint/no-explicit-any
89:54  Warning: Unexpected any. Specify a different type.  @typescript-eslint/no-explicit-any
90:45  Warning: Unexpected any. Specify a different type.  @typescript-eslint/no-explicit-any

./app/api/delivery-notes/[id]/route.ts
75:67  Warning: Unexpected any. Specify a different type.  @typescript-eslint/no-explicit-any
76:71  Warning: Unexpected any. Specify a different type.  @typescript-eslint/no-explicit-any
80:54  Warning: Unexpected any. Specify a different type.  @typescript-eslint/no-explicit-any
81:45  Warning: Unexpected any. Specify a different type.  @typescript-eslint/no-explicit-any

./app/api/enquiries/[id]/responses/route.ts
59:31  Warning: Unexpected any. Specify a different type.  @typescript-eslint/no-explicit-any

./app/api/inventory/route.ts
40:19  Warning: Unexpected any. Specify a different type.  @typescript-eslint/no-explicit-any

./app/api/invoices/route.ts
44:25  Warning: Unexpected any. Specify a different type.  @typescript-eslint/no-explicit-any
52:24  Warning: Unexpected any. Specify a different type.  @typescript-eslint/no-explicit-any
93:23  Warning: Unexpected any. Specify a different type.  @typescript-eslint/no-explicit-any
180:61  Warning: Unexpected any. Specify a different type.  @typescript-eslint/no-explicit-any
210:42  Warning: Unexpected any. Specify a different type.  @typescript-eslint/no-explicit-any
251:57  Warning: Unexpected any. Specify a different type.  @typescript-eslint/no-explicit-any

./app/api/item-status/route.ts
28:14  Warning: Unexpected any. Specify a different type.  @typescript-eslint/no-explicit-any
44:19  Warning: Unexpected any. Specify a different type.  @typescript-eslint/no-explicit-any

./app/api/job-orders/route.ts
14:15  Warning: Unexpected any. Specify a different type.  @typescript-eslint/no-explicit-any
17:21  Warning: Unexpected any. Specify a different type.  @typescript-eslint/no-explicit-any
56:24  Warning: Unexpected any. Specify a different type.  @typescript-eslint/no-explicit-any
79:25  Warning: Unexpected any. Specify a different type.  @typescript-eslint/no-explicit-any
150:23  Warning: Unexpected any. Specify a different type.  @typescript-eslint/no-explicit-any
204:45  Warning: Unexpected any. Specify a different type.  @typescript-eslint/no-explicit-any
223:35  Warning: Unexpected any. Specify a different type.  @typescript-eslint/no-explicit-any
230:68  Warning: Unexpected any. Specify a different type.  @typescript-eslint/no-explicit-any
264:26  Warning: Unexpected any. Specify a different type.  @typescript-eslint/no-explicit-any
265:23  Warning: Unexpected any. Specify a different type.  @typescript-eslint/no-explicit-any
281:27  Warning: Unexpected any. Specify a different type.  @typescript-eslint/no-explicit-any
284:19  Warning: Unexpected any. Specify a different type.  @typescript-eslint/no-explicit-any
385:23  Warning: Unexpected any. Specify a different type.  @typescript-eslint/no-explicit-any
405:19  Warning: Unexpected any. Specify a different type.  @typescript-eslint/no-explicit-any
447:35  Warning: Unexpected any. Specify a different type.  @typescript-eslint/no-explicit-any
449:52  Warning: Unexpected any. Specify a different type.  @typescript-eslint/no-explicit-any
451:38  Warning: Unexpected any. Specify a different type.  @typescript-eslint/no-explicit-any
476:40  Warning: Unexpected any. Specify a different type.  @typescript-eslint/no-explicit-any
492:23  Warning: Unexpected any. Specify a different type.  @typescript-eslint/no-explicit-any
506:42  Warning: Unexpected any. Specify a different type.  @typescript-eslint/no-explicit-any
536:19  Warning: Unexpected any. Specify a different type.  @typescript-eslint/no-explicit-any
570:18  Warning: Unexpected any. Specify a different type.  @typescript-eslint/no-explicit-any
754:19  Warning: Unexpected any. Specify a different type.  @typescript-eslint/no-explicit-any

./app/api/material-requests/route.ts
36:63  Warning: Unexpected any. Specify a different type.  @typescript-eslint/no-explicit-any
36:86  Warning: Unexpected any. Specify a different type.  @typescript-eslint/no-explicit-any
128:47  Warning: Unexpected any. Specify a different type.  @typescript-eslint/no-explicit-any
202:71  Warning: Unexpected any. Specify a different type.  @typescript-eslint/no-explicit-any
220:26  Warning: Unexpected any. Specify a different type.  @typescript-eslint/no-explicit-any
249:19  Warning: Unexpected any. Specify a different type.  @typescript-eslint/no-explicit-any
346:48  Warning: Unexpected any. Specify a different type.  @typescript-eslint/no-explicit-any
403:19  Warning: Unexpected any. Specify a different type.  @typescript-eslint/no-explicit-any
535:35  Warning: Unexpected any. Specify a different type.  @typescript-eslint/no-explicit-any
537:26  Warning: Unexpected any. Specify a different type.  @typescript-eslint/no-explicit-any
537:53  Warning: Unexpected any. Specify a different type.  @typescript-eslint/no-explicit-any
539:30  Warning: Unexpected any. Specify a different type.  @typescript-eslint/no-explicit-any
540:30  Warning: Unexpected any. Specify a different type.  @typescript-eslint/no-explicit-any
582:38  Warning: Unexpected any. Specify a different type.  @typescript-eslint/no-explicit-any
583:32  Warning: Unexpected any. Specify a different type.  @typescript-eslint/no-explicit-any
622:19  Warning: Unexpected any. Specify a different type.  @typescript-eslint/no-explicit-any

./app/api/migrate-item-status/route.ts
28:19  Warning: Unexpected any. Specify a different type.  @typescript-eslint/no-explicit-any

./app/api/notifications/route.ts
9:16  Warning: Unexpected any. Specify a different type.  @typescript-eslint/no-explicit-any

./app/api/po-prep/route.ts
14:17  Warning: Unexpected any. Specify a different type.  @typescript-eslint/no-explicit-any

./app/api/purchase-orders/route.ts
84:38  Warning: Unexpected any. Specify a different type.  @typescript-eslint/no-explicit-any
102:19  Warning: Unexpected any. Specify a different type.  @typescript-eslint/no-explicit-any

./app/api/quality-inspection/steps/[stepId]/route.ts
15:21  Warning: Unexpected any. Specify a different type.  @typescript-eslint/no-explicit-any

./app/api/quality-inspection/templates/route.ts
52:19  Warning: Unexpected any. Specify a different type.  @typescript-eslint/no-explicit-any

./app/api/setup/route.ts
38:19  Warning: Unexpected any. Specify a different type.  @typescript-eslint/no-explicit-any

./app/api/suppliers/route.ts
12:18  Warning: Unexpected any. Specify a different type.  @typescript-eslint/no-explicit-any
33:24  Warning: Unexpected any. Specify a different type.  @typescript-eslint/no-explicit-any
113:17  Warning: Unexpected any. Specify a different type.  @typescript-eslint/no-explicit-any
134:25  Warning: Unexpected any. Specify a different type.  @typescript-eslint/no-explicit-any
176:63  Warning: Unexpected any. Specify a different type.  @typescript-eslint/no-explicit-any
183:71  Warning: Unexpected any. Specify a different type.  @typescript-eslint/no-explicit-any
187:75  Warning: Unexpected any. Specify a different type.  @typescript-eslint/no-explicit-any
191:67  Warning: Unexpected any. Specify a different type.  @typescript-eslint/no-explicit-any
212:25  Warning: Unexpected any. Specify a different type.  @typescript-eslint/no-explicit-any
333:58  Warning: Unexpected any. Specify a different type.  @typescript-eslint/no-explicit-any
343:55  Warning: Unexpected any. Specify a different type.  @typescript-eslint/no-explicit-any
345:17  Warning: Unexpected any. Specify a different type.  @typescript-eslint/no-explicit-any
357:17  Warning: Unexpected any. Specify a different type.  @typescript-eslint/no-explicit-any
370:17  Warning: Unexpected any. Specify a different type.  @typescript-eslint/no-explicit-any

./app/api/suppliers/[id]/approve/route.ts
33:17  Warning: Unexpected any. Specify a different type.  @typescript-eslint/no-explicit-any

./app/api/suppliers/[id]/capabilities/route.ts
9:17  Warning: Unexpected any. Specify a different type.  @typescript-eslint/no-explicit-any
23:17  Warning: Unexpected any. Specify a different type.  @typescript-eslint/no-explicit-any

./app/api/suppliers/[id]/capabilities/[capabilityId]/route.ts
10:17  Warning: Unexpected any. Specify a different type.  @typescript-eslint/no-explicit-any
21:17  Warning: Unexpected any. Specify a different type.  @typescript-eslint/no-explicit-any

./app/api/suppliers/[id]/certifications/route.ts
9:17  Warning: Unexpected any. Specify a different type.  @typescript-eslint/no-explicit-any
23:17  Warning: Unexpected any. Specify a different type.  @typescript-eslint/no-explicit-any

./app/api/suppliers/[id]/certifications/[certId]/route.ts
10:17  Warning: Unexpected any. Specify a different type.  @typescript-eslint/no-explicit-any
21:17  Warning: Unexpected any. Specify a different type.  @typescript-eslint/no-explicit-any

./app/api/suppliers/[id]/contacts/route.ts
9:17  Warning: Unexpected any. Specify a different type.  @typescript-eslint/no-explicit-any
28:17  Warning: Unexpected any. Specify a different type.  @typescript-eslint/no-explicit-any

./app/api/suppliers/[id]/contacts/[contactId]/route.ts
15:17  Warning: Unexpected any. Specify a different type.  @typescript-eslint/no-explicit-any
26:17  Warning: Unexpected any. Specify a different type.  @typescript-eslint/no-explicit-any

./app/api/suppliers/[id]/documents/route.ts
13:17  Warning: Unexpected any. Specify a different type.  @typescript-eslint/no-explicit-any
26:38  Warning: Unexpected any. Specify a different type.  @typescript-eslint/no-explicit-any
59:17  Warning: Unexpected any. Specify a different type.  @typescript-eslint/no-explicit-any

./app/api/suppliers/[id]/prices/route.ts
17:17  Warning: Unexpected any. Specify a different type.  @typescript-eslint/no-explicit-any

./app/api/suppliers/[id]/route.ts
23:17  Warning: Unexpected any. Specify a different type.  @typescript-eslint/no-explicit-any
51:17  Warning: Unexpected any. Specify a different type.  @typescript-eslint/no-explicit-any
67:17  Warning: Unexpected any. Specify a different type.  @typescript-eslint/no-explicit-any

./app/api/users/route.ts
61:23  Warning: Unexpected any. Specify a different type.  @typescript-eslint/no-explicit-any

./app/api/workers/attendance/route.ts
17:24  Warning: Unexpected any. Specify a different type.  @typescript-eslint/no-explicit-any

./app/api/workers/import/route.ts
25:57  Warning: Unexpected any. Specify a different type.  @typescript-eslint/no-explicit-any
39:32  Warning: Unexpected any. Specify a different type.  @typescript-eslint/no-explicit-any
108:23  Warning: Unexpected any. Specify a different type.  @typescript-eslint/no-explicit-any

./app/api/workers/init/route.ts
108:27  Warning: Unexpected any. Specify a different type.  @typescript-eslint/no-explicit-any
122:19  Warning: Unexpected any. Specify a different type.  @typescript-eslint/no-explicit-any
159:19  Warning: Unexpected any. Specify a different type.  @typescript-eslint/no-explicit-any

./app/api/workers/route.ts
21:24  Warning: Unexpected any. Specify a different type.  @typescript-eslint/no-explicit-any
40:28  Warning: Unexpected any. Specify a different type.  @typescript-eslint/no-explicit-any
59:23  Warning: Unexpected any. Specify a different type.  @typescript-eslint/no-explicit-any
129:36  Warning: Unexpected any. Specify a different type.  @typescript-eslint/no-explicit-any
190:23  Warning: Unexpected any. Specify a different type.  @typescript-eslint/no-explicit-any
275:23  Warning: Unexpected any. Specify a different type.  @typescript-eslint/no-explicit-any
331:25  Warning: Unexpected any. Specify a different type.  @typescript-eslint/no-explicit-any
372:23  Warning: Unexpected any. Specify a different type.  @typescript-eslint/no-explicit-any
459:23  Warning: Unexpected any. Specify a different type.  @typescript-eslint/no-explicit-any
502:25  Warning: Unexpected any. Specify a different type.  @typescript-eslint/no-explicit-any

./app/api/workers/salary/route.ts
18:24  Warning: Unexpected any. Specify a different type.  @typescript-eslint/no-explicit-any
121:108  Warning: Unexpected any. Specify a different type.  @typescript-eslint/no-explicit-any

./app/clients/page.tsx
69:6  Warning: React Hook useEffect has a missing dependency: 'fetchClients'. Either include it or remove the dependency array.  react-hooks/exhaustive-deps
73:6  Warning: React Hook useEffect has a missing dependency: 'filterClients'. Either include it or remove the dependency array.  react-hooks/exhaustive-deps
145:32  Warning: Unexpected any. Specify a different type.  @typescript-eslint/no-explicit-any
145:72  Warning: Unexpected any. Specify a different type.  @typescript-eslint/no-explicit-any
152:35  Warning: Unexpected any. Specify a different type.  @typescript-eslint/no-explicit-any
152:78  Warning: Unexpected any. Specify a different type.  @typescript-eslint/no-explicit-any
153:39  Warning: Unexpected any. Specify a different type.  @typescript-eslint/no-explicit-any
154:47  Warning: Unexpected any. Specify a different type.  @typescript-eslint/no-explicit-any
154:102  Warning: Unexpected any. Specify a different type.  @typescript-eslint/no-explicit-any

./app/dashboard/page.tsx
80:6  Warning: React Hook useEffect has a missing dependency: 'filterRequests'. Either include it or remove the dependency array.  react-hooks/exhaustive-deps

./app/debug/job-orders/page.tsx
6:46  Warning: Unexpected any. Specify a different type.  @typescript-eslint/no-explicit-any
7:42  Warning: Unexpected any. Specify a different type.  @typescript-eslint/no-explicit-any

./app/enquiries/page.tsx
41:19  Warning: Unexpected any. Specify a different type.  @typescript-eslint/no-explicit-any
91:19  Warning: Unexpected any. Specify a different type.  @typescript-eslint/no-explicit-any
138:19  Warning: Unexpected any. Specify a different type.  @typescript-eslint/no-explicit-any
167:30  Warning: Unexpected any. Specify a different type.  @typescript-eslint/no-explicit-any
245:54  Warning: Unexpected any. Specify a different type.  @typescript-eslint/no-explicit-any

./app/invoices/create/page.tsx
55:54  Warning: Unexpected any. Specify a different type.  @typescript-eslint/no-explicit-any
58:64  Warning: Unexpected any. Specify a different type.  @typescript-eslint/no-explicit-any
102:6  Warning: React Hook useEffect has missing dependencies: 'fetchDeliveryNotes' and 'loadJobOrderDetails'. Either include them or remove the dependency array.  react-hooks/exhaustive-deps
243:30  Warning: Unexpected any. Specify a different type.  @typescript-eslint/no-explicit-any
244:32  Warning: Unexpected any. Specify a different type.  @typescript-eslint/no-explicit-any
247:61  Warning: Unexpected any. Specify a different type.  @typescript-eslint/no-explicit-any
276:61  Warning: Unexpected any. Specify a different type.  @typescript-eslint/no-explicit-any
281:23  Warning: Unexpected any. Specify a different type.  @typescript-eslint/no-explicit-any
286:51  Warning: Unexpected any. Specify a different type.  @typescript-eslint/no-explicit-any
324:71  Warning: Unexpected any. Specify a different type.  @typescript-eslint/no-explicit-any
453:70  Warning: Unexpected any. Specify a different type.  @typescript-eslint/no-explicit-any
573:45  Warning: Unexpected any. Specify a different type.  @typescript-eslint/no-explicit-any

./app/invoices/page.tsx
50:6  Warning: React Hook useEffect has a missing dependency: 'fetchInvoices'. Either include it or remove the dependency array.  react-hooks/exhaustive-deps

./app/invoices/[id]/page.tsx
88:6  Warning: React Hook useEffect has a missing dependency: 'fetchInvoice'. Either include it or remove the dependency array.  react-hooks/exhaustive-deps
367:15  Warning: Using `<img>` could result in slower LCP and higher bandwidth. Consider using `<Image />` from `next/image` to automatically optimize images. This may incur additional usage or cost from your provider. See: https://nextjs.org/docs/messages/no-img-element  @next/next/no-img-element
507:15  Warning: Using `<img>` could result in slower LCP and higher bandwidth. Consider using `<Image />` from `next/image` to automatically optimize images. This may incur additional usage or cost from your provider. See: https://nextjs.org/docs/messages/no-img-element  @next/next/no-img-element

./app/job-orders/page.tsx
77:42  Warning: Unexpected any. Specify a different type.  @typescript-eslint/no-explicit-any
92:38  Warning: Unexpected any. Specify a different type.  @typescript-eslint/no-explicit-any
182:6  Warning: React Hook useEffect has a missing dependency: 'fetchJobOrders'. Either include it or remove the dependency array.  react-hooks/exhaustive-deps
187:6  Warning: React Hook useEffect has a missing dependency: 'fetchJobOrders'. Either include it or remove the dependency array.  react-hooks/exhaustive-deps
314:76  Warning: Unexpected any. Specify a different type.  @typescript-eslint/no-explicit-any
356:80  Warning: Unexpected any. Specify a different type.  @typescript-eslint/no-explicit-any
502:21  Warning: Unexpected any. Specify a different type.  @typescript-eslint/no-explicit-any
558:19  Warning: Unexpected any. Specify a different type.  @typescript-eslint/no-explicit-any
579:19  Warning: Unexpected any. Specify a different type.  @typescript-eslint/no-explicit-any
601:19  Warning: Unexpected any. Specify a different type.  @typescript-eslint/no-explicit-any
616:25  Warning: Unexpected any. Specify a different type.  @typescript-eslint/no-explicit-any
629:25  Warning: Unexpected any. Specify a different type.  @typescript-eslint/no-explicit-any
630:25  Warning: Unexpected any. Specify a different type.  @typescript-eslint/no-explicit-any
634:39  Warning: Unexpected any. Specify a different type.  @typescript-eslint/no-explicit-any
634:79  Warning: Unexpected any. Specify a different type.  @typescript-eslint/no-explicit-any
647:64  Warning: Unexpected any. Specify a different type.  @typescript-eslint/no-explicit-any
693:19  Warning: Unexpected any. Specify a different type.  @typescript-eslint/no-explicit-any
1212:43  Warning: Unexpected any. Specify a different type.  @typescript-eslint/no-explicit-any
1222:43  Warning: Unexpected any. Specify a different type.  @typescript-eslint/no-explicit-any
1233:165  Warning: Unexpected any. Specify a different type.  @typescript-eslint/no-explicit-any
1233:201  Warning: Unexpected any. Specify a different type.  @typescript-eslint/no-explicit-any
1239:100  Warning: Unexpected any. Specify a different type.  @typescript-eslint/no-explicit-any
1239:136  Warning: Unexpected any. Specify a different type.  @typescript-eslint/no-explicit-any
1589:89  Warning: Unexpected any. Specify a different type.  @typescript-eslint/no-explicit-any
1589:130  Warning: Unexpected any. Specify a different type.  @typescript-eslint/no-explicit-any
1589:174  Warning: Unexpected any. Specify a different type.  @typescript-eslint/no-explicit-any
1593:75  Warning: Unexpected any. Specify a different type.  @typescript-eslint/no-explicit-any
1593:116  Warning: Unexpected any. Specify a different type.  @typescript-eslint/no-explicit-any
1593:160  Warning: Unexpected any. Specify a different type.  @typescript-eslint/no-explicit-any
1597:100  Warning: Unexpected any. Specify a different type.  @typescript-eslint/no-explicit-any
1597:149  Warning: Unexpected any. Specify a different type.  @typescript-eslint/no-explicit-any
1597:192  Warning: Unexpected any. Specify a different type.  @typescript-eslint/no-explicit-any
1597:344  Warning: Unexpected any. Specify a different type.  @typescript-eslint/no-explicit-any
1597:383  Warning: Unexpected any. Specify a different type.  @typescript-eslint/no-explicit-any
2070:49  Warning: Unexpected any. Specify a different type.  @typescript-eslint/no-explicit-any
2080:49  Warning: Unexpected any. Specify a different type.  @typescript-eslint/no-explicit-any
2091:183  Warning: Unexpected any. Specify a different type.  @typescript-eslint/no-explicit-any
2091:223  Warning: Unexpected any. Specify a different type.  @typescript-eslint/no-explicit-any
2097:110  Warning: Unexpected any. Specify a different type.  @typescript-eslint/no-explicit-any
2097:150  Warning: Unexpected any. Specify a different type.  @typescript-eslint/no-explicit-any

./app/login/page.tsx
62:11  Warning: Using `<img>` could result in slower LCP and higher bandwidth. Consider using `<Image />` from `next/image` to automatically optimize images. This may incur additional usage or cost from your provider. See: https://nextjs.org/docs/messages/no-img-element  @next/next/no-img-element

./app/material-request/page.tsx
89:44  Warning: Unexpected any. Specify a different type.  @typescript-eslint/no-explicit-any
175:60  Warning: Unexpected any. Specify a different type.  @typescript-eslint/no-explicit-any
177:46  Warning: Unexpected any. Specify a different type.  @typescript-eslint/no-explicit-any
221:84  Warning: Unexpected any. Specify a different type.  @typescript-eslint/no-explicit-any
277:47  Warning: Unexpected any. Specify a different type.  @typescript-eslint/no-explicit-any
277:81  Warning: Unexpected any. Specify a different type.  @typescript-eslint/no-explicit-any
290:47  Warning: Unexpected any. Specify a different type.  @typescript-eslint/no-explicit-any
290:80  Warning: Unexpected any. Specify a different type.  @typescript-eslint/no-explicit-any
340:27  Warning: Unexpected any. Specify a different type.  @typescript-eslint/no-explicit-any
346:30  Warning: Unexpected any. Specify a different type.  @typescript-eslint/no-explicit-any

./app/procurement/page.tsx
98:6  Warning: React Hook useEffect has a missing dependency: 'filterRequests'. Either include it or remove the dependency array.  react-hooks/exhaustive-deps

./app/purchase-orders/page.tsx
105:30  Warning: Unexpected any. Specify a different type.  @typescript-eslint/no-explicit-any

./app/purchase-orders/prepare/page.tsx
45:38  Warning: Unexpected any. Specify a different type.  @typescript-eslint/no-explicit-any
96:65  Warning: Unexpected any. Specify a different type.  @typescript-eslint/no-explicit-any

./app/quality-inspection/page.tsx
188:71  Warning: Unexpected any. Specify a different type.  @typescript-eslint/no-explicit-any
192:47  Warning: Unexpected any. Specify a different type.  @typescript-eslint/no-explicit-any
273:22  Warning: Unexpected any. Specify a different type.  @typescript-eslint/no-explicit-any
316:59  Warning: Unexpected any. Specify a different type.  @typescript-eslint/no-explicit-any

./app/register/page.tsx
75:19  Warning: Unexpected any. Specify a different type.  @typescript-eslint/no-explicit-any

./app/store/assets/page.tsx
161:60  Warning: Unexpected any. Specify a different type.  @typescript-eslint/no-explicit-any
163:46  Warning: Unexpected any. Specify a different type.  @typescript-eslint/no-explicit-any

./app/store/delivery-notes/page.tsx
113:6  Warning: React Hook useEffect has a missing dependency: 'fetchDeliveryNotes'. Either include it or remove the dependency array.  react-hooks/exhaustive-deps
148:6  Warning: React Hook useEffect has a missing dependency: 'generateDnSuggestions'. Either include it or remove the dependency array.  react-hooks/exhaustive-deps
171:46  Warning: Unexpected any. Specify a different type.  @typescript-eslint/no-explicit-any
203:81  Warning: Unexpected any. Specify a different type.  @typescript-eslint/no-explicit-any
204:75  Warning: Unexpected any. Specify a different type.  @typescript-eslint/no-explicit-any
244:31  Warning: Unexpected any. Specify a different type.  @typescript-eslint/no-explicit-any
250:35  Warning: Unexpected any. Specify a different type.  @typescript-eslint/no-explicit-any
255:39  Warning: Unexpected any. Specify a different type.  @typescript-eslint/no-explicit-any
271:67  Warning: Unexpected any. Specify a different type.  @typescript-eslint/no-explicit-any
322:91  Warning: Unexpected any. Specify a different type.  @typescript-eslint/no-explicit-any
456:24  Warning: Unexpected any. Specify a different type.  @typescript-eslint/no-explicit-any
464:43  Warning: Unexpected any. Specify a different type.  @typescript-eslint/no-explicit-any
1147:86  Warning: Unexpected any. Specify a different type.  @typescript-eslint/no-explicit-any
1147:97  Warning: Unexpected any. Specify a different type.  @typescript-eslint/no-explicit-any
1171:68  Warning: Unexpected any. Specify a different type.  @typescript-eslint/no-explicit-any
1173:69  Warning: Unexpected any. Specify a different type.  @typescript-eslint/no-explicit-any
1184:87  Warning: Unexpected any. Specify a different type.  @typescript-eslint/no-explicit-any

./app/store/delivery-notes/[id]/page.tsx
56:6  Warning: React Hook useEffect has a missing dependency: 'fetchDeliveryNote'. Either include it or remove the dependency array.  react-hooks/exhaustive-deps

./app/store/delivery-notes/[id]/print/page.tsx
81:6  Warning: React Hook useEffect has a missing dependency: 'fetchDeliveryNote'. Either include it or remove the dependency array.  react-hooks/exhaustive-deps

./app/store/inventory/page.tsx
138:60  Warning: Unexpected any. Specify a different type.  @typescript-eslint/no-explicit-any
140:41  Warning: Unexpected any. Specify a different type.  @typescript-eslint/no-explicit-any

./app/store/workers/page.tsx
75:50  Warning: Unexpected any. Specify a different type.  @typescript-eslint/no-explicit-any
76:44  Warning: Unexpected any. Specify a different type.  @typescript-eslint/no-explicit-any
77:46  Warning: Unexpected any. Specify a different type.  @typescript-eslint/no-explicit-any
149:6  Warning: React Hook useEffect has a missing dependency: 'fetchWorkers'. Either include it or remove the dependency array.  react-hooks/exhaustive-deps
153:6  Warning: React Hook useEffect has a missing dependency: 'filterWorkers'. Either include it or remove the dependency array.  react-hooks/exhaustive-deps
162:6  Warning: React Hook useEffect has missing dependencies: 'attendances.length' and 'salaries.length'. Either include them or remove the dependency array.  react-hooks/exhaustive-deps
539:20  Warning: Unexpected any. Specify a different type.  @typescript-eslint/no-explicit-any
603:17  Warning: Unexpected any. Specify a different type.  @typescript-eslint/no-explicit-any
603:28  Warning: Unexpected any. Specify a different type.  @typescript-eslint/no-explicit-any
836:66  Warning: Unexpected any. Specify a different type.  @typescript-eslint/no-explicit-any
1121:77  Warning: Unexpected any. Specify a different type.  @typescript-eslint/no-explicit-any

./app/suppliers/page.tsx
37:13  Warning: Unexpected any. Specify a different type.  @typescript-eslint/no-explicit-any
38:12  Warning: Unexpected any. Specify a different type.  @typescript-eslint/no-explicit-any
76:6  Warning: React Hook useEffect has a missing dependency: 'fetchSuppliers'. Either include it or remove the dependency array.  react-hooks/exhaustive-deps
185:70  Warning: Unexpected any. Specify a different type.  @typescript-eslint/no-explicit-any

./app/suppliers/[id]/page.tsx
9:30  Warning: Unexpected any. Specify a different type.  @typescript-eslint/no-explicit-any
17:25  Warning: Unexpected any. Specify a different type.  @typescript-eslint/no-explicit-any
19:44  Warning: Unexpected any. Specify a different type.  @typescript-eslint/no-explicit-any
24:55  Warning: Unexpected any. Specify a different type.  @typescript-eslint/no-explicit-any
26:40  Warning: React Hook useEffect has a missing dependency: 'fetchSupplier'. Either include it or remove the dependency array.  react-hooks/exhaustive-deps
186:15  Warning: Using `<img>` could result in slower LCP and higher bandwidth. Consider using `<Image />` from `next/image` to automatically optimize images. This may incur additional usage or cost from your provider. See: https://nextjs.org/docs/messages/no-img-element  @next/next/no-img-element
233:44  Warning: Unexpected any. Specify a different type.  @typescript-eslint/no-explicit-any
290:46  Warning: Unexpected any. Specify a different type.  @typescript-eslint/no-explicit-any
305:48  Warning: Unexpected any. Specify a different type.  @typescript-eslint/no-explicit-any
320:43  Warning: Unexpected any. Specify a different type.  @typescript-eslint/no-explicit-any

./app/users/page.tsx
37:50  Warning: Unexpected any. Specify a different type.  @typescript-eslint/no-explicit-any
120:22  Warning: Unexpected any. Specify a different type.  @typescript-eslint/no-explicit-any
156:75  Warning: Unexpected any. Specify a different type.  @typescript-eslint/no-explicit-any
496:53  Warning: Unexpected any. Specify a different type.  @typescript-eslint/no-explicit-any
510:53  Warning: Unexpected any. Specify a different type.  @typescript-eslint/no-explicit-any
524:53  Warning: Unexpected any. Specify a different type.  @typescript-eslint/no-explicit-any
538:53  Warning: Unexpected any. Specify a different type.  @typescript-eslint/no-explicit-any
552:65  Warning: Unexpected any. Specify a different type.  @typescript-eslint/no-explicit-any
552:109  Warning: Unexpected any. Specify a different type.  @typescript-eslint/no-explicit-any
565:54  Warning: Unexpected any. Specify a different type.  @typescript-eslint/no-explicit-any
577:59  Warning: Unexpected any. Specify a different type.  @typescript-eslint/no-explicit-any

./components/header.tsx
56:15  Warning: Using `<img>` could result in slower LCP and higher bandwidth. Consider using `<Image />` from `next/image` to automatically optimize images. This may incur additional usage or cost from your provider. See: https://nextjs.org/docs/messages/no-img-element  @next/next/no-img-element
71:99  Warning: Unexpected any. Specify a different type.  @typescript-eslint/no-explicit-any
123:52  Warning: Unexpected any. Specify a different type.  @typescript-eslint/no-explicit-any

./components/ui/autocomplete.tsx
50:6  Warning: React Hook useEffect has a missing dependency: 'dropdownMode'. Either include it or remove the dependency array. If 'setOpen' needs the current value of 'dropdownMode', you can also switch to useReducer instead of useState and read 'dropdownMode' in the reducer.  react-hooks/exhaustive-deps

./components/ui/error-boundary.tsx
5:60  Warning: Unexpected any. Specify a different type.  @typescript-eslint/no-explicit-any
6:22  Warning: Unexpected any. Specify a different type.  @typescript-eslint/no-explicit-any
15:28  Warning: Unexpected any. Specify a different type.  @typescript-eslint/no-explicit-any
15:39  Warning: Unexpected any. Specify a different type.  @typescript-eslint/no-explicit-any

./lib/auth.ts
31:25  Warning: Unexpected any. Specify a different type.  @typescript-eslint/no-explicit-any
55:19  Warning: Unexpected any. Specify a different type.  @typescript-eslint/no-explicit-any
100:31  Warning: Unexpected any. Specify a different type.  @typescript-eslint/no-explicit-any

./lib/csv.ts
1:38  Warning: Unexpected any. Specify a different type.  @typescript-eslint/no-explicit-any
5:37  Warning: Unexpected any. Specify a different type.  @typescript-eslint/no-explicit-any
6:61  Warning: Unexpected any. Specify a different type.  @typescript-eslint/no-explicit-any

./lib/notifications.ts
29:43  Warning: Unexpected any. Specify a different type.  @typescript-eslint/no-explicit-any

./lib/printTemplate.ts
5:17  Warning: Unexpected any. Specify a different type.  @typescript-eslint/no-explicit-any
19:22  Warning: Unexpected any. Specify a different type.  @typescript-eslint/no-explicit-any
28:17  Warning: Unexpected any. Specify a different type.  @typescript-eslint/no-explicit-any
29:46  Warning: Unexpected any. Specify a different type.  @typescript-eslint/no-explicit-any
29:61  Warning: Unexpected any. Specify a different type.  @typescript-eslint/no-explicit-any

info  - Need to disable some ESLint rules? Learn more here: https://nextjs.org/docs/basic-features/eslint#disabling-rules
node.exe : Failed to compile.
At line:1 char:1
+ & "C:\Program Files\nodejs/node.exe" 
"C:\Program Files\nodejs/node_mo ...
+ ~~~~~~~~~~~~~~~~~~~~~~~~~~~~~~~~~~~~~~
~~~~~~~~~~~~~~~~~~~~~~~~~~~~~~~
    + CategoryInfo          : NotSpecif 
   ied: (Failed to compile.:String) []  
  , RemoteException
    + FullyQualifiedErrorId : NativeCom 
   mandError
 

./app/purchase-orders/prepare/page.tsx:1
04:7
Type error: Cannot find name 
'setMessage'. Did you mean 
'postMessage'?

[0m [90m 102 |[39m   [36mconst[39m 
createPO [33m=[39m [36masync[39m () 
[33m=>[39m {[0m
[0m [90m 103 |[39m     [36mif[39m 
([33m![39mselectedSupplier) {[0m
[0m[31m[1m>[22m[39m[90m 104 
|[39m       setMessage([32m'Please 
select a supplier'[39m)[0m
[0m [90m     |[39m       
[31m[1m^[22m[39m[0m
[0m [90m 105 |[39m       
[36mreturn[39m[0m
[0m [90m 106 |[39m     }[0m
[0m [90m 107 |[39m[0m
Next.js build worker exited with code: 
1 and signal: null
